// Jest Snapshot v1, https://goo.gl/fbAQLP

exports[`Calculator Tests Render works correctly 1`] = `null`;
